Sinkron ke: csb_db
Endpoint: ['rekap_dashboard', 'penerimaan_per_user', 'detail_penjualan', 'detail_piutang', 'detail_hutang', 'detail_deposit_pelanggan', 'detail_retur_penjualan']
Rentang: 2026-01-01 .. 2026-08-12
Cabang: [1, 2, 4, 5, 7]
API OK (https://brighter-kairatu-api.koffiesoft.com)
  cb1 2026-01 rekap_dashboard          8 baris -> dash_rekap_dashboard
  cb1 2026-01 penerimaan_per_user      13 baris -> dash_penerimaan_per_user
  cb1 2026-01 detail_penjualan         2784 baris -> dash_detail_penjualan
  cb1 2026-01 detail_piutang           222 baris -> dash_detail_piutang
  cb1 2026-01 detail_hutang            1 baris -> dash_detail_hutang
  cb1 2026-01 detail_retur_penjualan   8 baris -> dash_detail_retur_penjualan
  cb2 2026-01 rekap_dashboard          5 baris -> dash_rekap_dashboard
  cb2 2026-01 penerimaan_per_user      5 baris -> dash_penerimaan_per_user
  cb2 2026-01 detail_penjualan         5578 baris -> dash_detail_penjualan
  cb2 2026-01 detail_piutang           239 baris -> dash_detail_piutang
  cb2 2026-01 detail_hutang            5 baris -> dash_detail_hutang
  cb2 2026-01 detail_retur_penjualan   7 baris -> dash_detail_retur_penjualan
  cb4 2026-01 rekap_dashboard          5 baris -> dash_rekap_dashboard
  cb4 2026-01 penerimaan_per_user      5 baris -> dash_penerimaan_per_user
  cb4 2026-01 detail_penjualan         2501 baris -> dash_detail_penjualan
  cb4 2026-01 detail_piutang           30 baris -> dash_detail_piutang
  cb4 2026-01 detail_hutang            11 baris -> dash_detail_hutang
  cb4 2026-01 detail_retur_penjualan   8 baris -> dash_detail_retur_penjualan
  cb5 2026-01 rekap_dashboard          5 baris -> dash_rekap_dashboard
  cb5 2026-01 penerimaan_per_user      5 baris -> dash_penerimaan_per_user
  cb5 2026-01 detail_penjualan         6568 baris -> dash_detail_penjualan
  cb5 2026-01 detail_piutang           94 baris -> dash_detail_piutang
  cb5 2026-01 detail_hutang            20 baris -> dash_detail_hutang
  cb5 2026-01 detail_retur_penjualan   4 baris -> dash_detail_retur_penjualan
  cb1 2026-02 rekap_dashboard          9 baris -> dash_rekap_dashboard
  cb1 2026-02 penerimaan_per_user      16 baris -> dash_penerimaan_per_user
  cb1 2026-02 detail_penjualan         3173 baris -> dash_detail_penjualan
  cb1 2026-02 detail_piutang           173 baris -> dash_detail_piutang
  cb1 2026-02 detail_hutang            3 baris -> dash_detail_hutang
  cb1 2026-02 detail_retur_penjualan   4 baris -> dash_detail_retur_penjualan
  cb2 2026-02 rekap_dashboard          4 baris -> dash_rekap_dashboard
  cb2 2026-02 penerimaan_per_user      4 baris -> dash_penerimaan_per_user
  cb2 2026-02 detail_penjualan         5698 baris -> dash_detail_penjualan
  cb2 2026-02 detail_piutang           243 baris -> dash_detail_piutang
  cb2 2026-02 detail_hutang            7 baris -> dash_detail_hutang
  cb2 2026-02 detail_retur_penjualan   3 baris -> dash_detail_retur_penjualan
  cb4 2026-02 rekap_dashboard          5 baris -> dash_rekap_dashboard
  cb4 2026-02 penerimaan_per_user      5 baris -> dash_penerimaan_per_user
  cb4 2026-02 detail_penjualan         2760 baris -> dash_detail_penjualan
  cb4 2026-02 detail_piutang           56 baris -> dash_detail_piutang
  cb4 2026-02 detail_hutang            17 baris -> dash_detail_hutang
  cb4 2026-02 detail_retur_penjualan   1 baris -> dash_detail_retur_penjualan
  cb5 2026-02 rekap_dashboard          5 baris -> dash_rekap_dashboard
  cb5 2026-02 penerimaan_per_user      6 baris -> dash_penerimaan_per_user
  cb5 2026-02 detail_penjualan         7156 baris -> dash_detail_penjualan
  cb5 2026-02 detail_piutang           66 baris -> dash_detail_piutang
  cb5 2026-02 detail_hutang            33 baris -> dash_detail_hutang
  cb5 2026-02 detail_retur_penjualan   12 baris -> dash_detail_retur_penjualan
  cb1 2026-03 rekap_dashboard          8 baris -> dash_rekap_dashboard
  cb1 2026-03 penerimaan_per_user      12 baris -> dash_penerimaan_per_user
  cb1 2026-03 detail_penjualan         3557 baris -> dash_detail_penjualan
  cb1 2026-03 detail_piutang           77 baris -> dash_detail_piutang
  cb1 2026-03 detail_hutang            5 baris -> dash_detail_hutang
  cb1 2026-03 detail_deposit_pelanggan 3 baris -> dash_detail_deposit_pelanggan
  cb1 2026-03 detail_retur_penjualan   3 baris -> dash_detail_retur_penjualan
  cb2 2026-03 rekap_dashboard          4 baris -> dash_rekap_dashboard
  cb2 2026-03 penerimaan_per_user      4 baris -> dash_penerimaan_per_user
  cb2 2026-03 detail_penjualan         4625 baris -> dash_detail_penjualan
  cb2 2026-03 detail_piutang           348 baris -> dash_detail_piutang
  cb2 2026-03 detail_hutang            9 baris -> dash_detail_hutang
  cb4 2026-03 rekap_dashboard          7 baris -> dash_rekap_dashboard
  cb4 2026-03 penerimaan_per_user      11 baris -> dash_penerimaan_per_user
  cb4 2026-03 detail_penjualan         2892 baris -> dash_detail_penjualan
  cb4 2026-03 detail_piutang           38 baris -> dash_detail_piutang
  cb4 2026-03 detail_hutang            15 baris -> dash_detail_hutang
  cb5 2026-03 rekap_dashboard          7 baris -> dash_rekap_dashboard
  cb5 2026-03 penerimaan_per_user      8 baris -> dash_penerimaan_per_user
  cb5 2026-03 detail_penjualan         7584 baris -> dash_detail_penjualan
  cb5 2026-03 detail_piutang           30 baris -> dash_detail_piutang
  cb5 2026-03 detail_hutang            27 baris -> dash_detail_hutang
  cb5 2026-03 detail_deposit_pelanggan 1 baris -> dash_detail_deposit_pelanggan
  cb5 2026-03 detail_retur_penjualan   16 baris -> dash_detail_retur_penjualan
  cb7 2026-03 rekap_dashboard          1 baris -> dash_rekap_dashboard
  cb7 2026-03 penerimaan_per_user      1 baris -> dash_penerimaan_per_user
  cb7 2026-03 detail_hutang            1 baris -> dash_detail_hutang
  cb1 2026-04 rekap_dashboard          10 baris -> dash_rekap_dashboard
  cb1 2026-04 penerimaan_per_user      13 baris -> dash_penerimaan_per_user
  cb1 2026-04 detail_penjualan         2471 baris -> dash_detail_penjualan
  cb1 2026-04 detail_piutang           97 baris -> dash_detail_piutang
  cb1 2026-04 detail_hutang            6 baris -> dash_detail_hutang
  cb1 2026-04 detail_deposit_pelanggan 4 baris -> dash_detail_deposit_pelanggan
  cb1 2026-04 detail_retur_penjualan   3 baris -> dash_detail_retur_penjualan
  cb2 2026-04 rekap_dashboard          9 baris -> dash_rekap_dashboard
  cb2 2026-04 penerimaan_per_user      16 baris -> dash_penerimaan_per_user
  cb2 2026-04 detail_penjualan         4385 baris -> dash_detail_penjualan
  cb2 2026-04 detail_piutang           158 baris -> dash_detail_piutang
  cb2 2026-04 detail_hutang            12 baris -> dash_detail_hutang
  cb4 2026-04 rekap_dashboard          11 baris -> dash_rekap_dashboard
  cb4 2026-04 penerimaan_per_user      16 baris -> dash_penerimaan_per_user
  cb4 2026-04 detail_penjualan         2030 baris -> dash_detail_penjualan
  cb4 2026-04 detail_piutang           41 baris -> dash_detail_piutang
  cb4 2026-04 detail_hutang            13 baris -> dash_detail_hutang
  cb4 2026-04 detail_retur_penjualan   4 baris -> dash_detail_retur_penjualan
  cb5 2026-04 rekap_dashboard          10 baris -> dash_rekap_dashboard
  cb5 2026-04 penerimaan_per_user      15 baris -> dash_penerimaan_per_user
  cb5 2026-04 detail_penjualan         6495 baris -> dash_detail_penjualan
  cb5 2026-04 detail_piutang           66 baris -> dash_detail_piutang
  cb5 2026-04 detail_hutang            43 baris -> dash_detail_hutang
  cb5 2026-04 detail_retur_penjualan   16 baris -> dash_detail_retur_penjualan
  cb7 2026-04 rekap_dashboard          1 baris -> dash_rekap_dashboard
  cb7 2026-04 penerimaan_per_user      1 baris -> dash_penerimaan_per_user
  cb7 2026-04 detail_hutang            4 baris -> dash_detail_hutang
  cb1 2026-05 rekap_dashboard          9 baris -> dash_rekap_dashboard
  cb1 2026-05 penerimaan_per_user      11 baris -> dash_penerimaan_per_user
  cb1 2026-05 detail_penjualan         2370 baris -> dash_detail_penjualan
  cb1 2026-05 detail_piutang           80 baris -> dash_detail_piutang
  cb1 2026-05 detail_hutang            5 baris -> dash_detail_hutang
  cb1 2026-05 detail_deposit_pelanggan 1 baris -> dash_detail_deposit_pelanggan
  cb2 2026-05 rekap_dashboard          10 baris -> dash_rekap_dashboard
  cb2 2026-05 penerimaan_per_user      15 baris -> dash_penerimaan_per_user
  cb2 2026-05 detail_penjualan         4158 baris -> dash_detail_penjualan
  cb2 2026-05 detail_piutang           62 baris -> dash_detail_piutang
  cb2 2026-05 detail_hutang            10 baris -> dash_detail_hutang
  cb2 2026-05 detail_retur_penjualan   2 baris -> dash_detail_retur_penjualan
  cb4 2026-05 rekap_dashboard          11 baris -> dash_rekap_dashboard
  cb4 2026-05 penerimaan_per_user      15 baris -> dash_penerimaan_per_user
  cb4 2026-05 detail_penjualan         2239 baris -> dash_detail_penjualan
  cb4 2026-05 detail_piutang           34 baris -> dash_detail_piutang
  cb4 2026-05 detail_hutang            14 baris -> dash_detail_hutang
  cb4 2026-05 detail_retur_penjualan   3 baris -> dash_detail_retur_penjualan
  cb5 2026-05 rekap_dashboard          10 baris -> dash_rekap_dashboard
  cb5 2026-05 penerimaan_per_user      14 baris -> dash_penerimaan_per_user
  cb5 2026-05 detail_penjualan         6536 baris -> dash_detail_penjualan
  cb5 2026-05 detail_piutang           49 baris -> dash_detail_piutang
  cb5 2026-05 detail_hutang            32 baris -> dash_detail_hutang
  cb5 2026-05 detail_retur_penjualan   19 baris -> dash_detail_retur_penjualan
  cb7 2026-05 rekap_dashboard          7 baris -> dash_rekap_dashboard
  cb7 2026-05 penerimaan_per_user      10 baris -> dash_penerimaan_per_user
  cb7 2026-05 detail_penjualan         2325 baris -> dash_detail_penjualan
  cb7 2026-05 detail_hutang            10 baris -> dash_detail_hutang
  cb7 2026-05 detail_retur_penjualan   3 baris -> dash_detail_retur_penjualan
  cb1 2026-06 rekap_dashboard          10 baris -> dash_rekap_dashboard
  cb1 2026-06 penerimaan_per_user      13 baris -> dash_penerimaan_per_user
  cb1 2026-06 detail_penjualan         2530 baris -> dash_detail_penjualan
  cb1 2026-06 detail_piutang           122 baris -> dash_detail_piutang
  cb1 2026-06 detail_hutang            6 baris -> dash_detail_hutang
  cb1 2026-06 detail_deposit_pelanggan 1 baris -> dash_detail_deposit_pelanggan
  cb1 2026-06 detail_retur_penjualan   3 baris -> dash_detail_retur_penjualan
  cb2 2026-06 rekap_dashboard          9 baris -> dash_rekap_dashboard
  cb2 2026-06 penerimaan_per_user      13 baris -> dash_penerimaan_per_user
  cb2 2026-06 detail_penjualan         4413 baris -> dash_detail_penjualan
  cb2 2026-06 detail_piutang           44 baris -> dash_detail_piutang
  cb2 2026-06 detail_hutang            9 baris -> dash_detail_hutang
  cb2 2026-06 detail_retur_penjualan   8 baris -> dash_detail_retur_penjualan
  cb4 2026-06 rekap_dashboard          11 baris -> dash_rekap_dashboard
  cb4 2026-06 penerimaan_per_user      16 baris -> dash_penerimaan_per_user
  cb4 2026-06 detail_penjualan         2199 baris -> dash_detail_penjualan
  cb4 2026-06 detail_piutang           50 baris -> dash_detail_piutang
  cb4 2026-06 detail_hutang            8 baris -> dash_detail_hutang
  cb4 2026-06 detail_retur_penjualan   1 baris -> dash_detail_retur_penjualan
  cb5 2026-06 rekap_dashboard          10 baris -> dash_rekap_dashboard
  cb5 2026-06 penerimaan_per_user      13 baris -> dash_penerimaan_per_user
  cb5 2026-06 detail_penjualan         6590 baris -> dash_detail_penjualan
  cb5 2026-06 detail_piutang           77 baris -> dash_detail_piutang
  cb5 2026-06 detail_hutang            57 baris -> dash_detail_hutang
  cb5 2026-06 detail_retur_penjualan   14 baris -> dash_detail_retur_penjualan
  cb7 2026-06 rekap_dashboard          8 baris -> dash_rekap_dashboard
  cb7 2026-06 penerimaan_per_user      12 baris -> dash_penerimaan_per_user
  cb7 2026-06 detail_penjualan         3794 baris -> dash_detail_penjualan
  cb7 2026-06 detail_piutang           26 baris -> dash_detail_piutang
  cb7 2026-06 detail_hutang            21 baris -> dash_detail_hutang
  cb7 2026-06 detail_retur_penjualan   6 baris -> dash_detail_retur_penjualan
  cb1 2026-07 rekap_dashboard          8 baris -> dash_rekap_dashboard
  cb1 2026-07 penerimaan_per_user      11 baris -> dash_penerimaan_per_user
  cb1 2026-07 detail_penjualan         3382 baris -> dash_detail_penjualan
  cb1 2026-07 detail_piutang           122 baris -> dash_detail_piutang
  cb1 2026-07 detail_hutang            3 baris -> dash_detail_hutang
  cb2 2026-07 rekap_dashboard          10 baris -> dash_rekap_dashboard
  cb2 2026-07 penerimaan_per_user      15 baris -> dash_penerimaan_per_user
  cb2 2026-07 detail_penjualan         5771 baris -> dash_detail_penjualan
  cb2 2026-07 detail_piutang           60 baris -> dash_detail_piutang
  cb2 2026-07 detail_hutang            18 baris -> dash_detail_hutang
  cb2 2026-07 detail_retur_penjualan   5 baris -> dash_detail_retur_penjualan
  cb4 2026-07 rekap_dashboard          11 baris -> dash_rekap_dashboard
  cb4 2026-07 penerimaan_per_user      14 baris -> dash_penerimaan_per_user
  cb4 2026-07 detail_penjualan         2987 baris -> dash_detail_penjualan
  cb4 2026-07 detail_piutang           42 baris -> dash_detail_piutang
  cb4 2026-07 detail_hutang            14 baris -> dash_detail_hutang
  cb4 2026-07 detail_retur_penjualan   2 baris -> dash_detail_retur_penjualan
  cb5 2026-07 rekap_dashboard          10 baris -> dash_rekap_dashboard
  cb5 2026-07 penerimaan_per_user      13 baris -> dash_penerimaan_per_user
  cb5 2026-07 detail_penjualan         7084 baris -> dash_detail_penjualan
  cb5 2026-07 detail_piutang           55 baris -> dash_detail_piutang
  cb5 2026-07 detail_hutang            71 baris -> dash_detail_hutang
  cb5 2026-07 detail_retur_penjualan   16 baris -> dash_detail_retur_penjualan
  cb7 2026-07 rekap_dashboard          11 baris -> dash_rekap_dashboard
  cb7 2026-07 penerimaan_per_user      15 baris -> dash_penerimaan_per_user
  cb7 2026-07 detail_penjualan         4540 baris -> dash_detail_penjualan
  cb7 2026-07 detail_piutang           23 baris -> dash_detail_piutang
  cb7 2026-07 detail_hutang            17 baris -> dash_detail_hutang
  cb7 2026-07 detail_deposit_pelanggan 2 baris -> dash_detail_deposit_pelanggan
  cb7 2026-07 detail_retur_penjualan   10 baris -> dash_detail_retur_penjualan
  cb1 2026-08 rekap_dashboard          8 baris -> dash_rekap_dashboard
  cb1 2026-08 penerimaan_per_user      11 baris -> dash_penerimaan_per_user
  cb1 2026-08 detail_penjualan         1755 baris -> dash_detail_penjualan
  cb1 2026-08 detail_piutang           76 baris -> dash_detail_piutang
  cb1 2026-08 detail_hutang            6 baris -> dash_detail_hutang
  cb1 2026-08 detail_retur_penjualan   1 baris -> dash_detail_retur_penjualan
  cb2 2026-08 rekap_dashboard          9 baris -> dash_rekap_dashboard
  cb2 2026-08 penerimaan_per_user      14 baris -> dash_penerimaan_per_user
  cb2 2026-08 detail_penjualan         2657 baris -> dash_detail_penjualan
  cb2 2026-08 detail_piutang           27 baris -> dash_detail_piutang
  cb2 2026-08 detail_hutang            8 baris -> dash_detail_hutang
  cb2 2026-08 detail_retur_penjualan   2 baris -> dash_detail_retur_penjualan
  cb4 2026-08 rekap_dashboard          10 baris -> dash_rekap_dashboard
  cb4 2026-08 penerimaan_per_user      13 baris -> dash_penerimaan_per_user
  cb4 2026-08 detail_penjualan         1274 baris -> dash_detail_penjualan
  cb4 2026-08 detail_piutang           21 baris -> dash_detail_piutang
  cb4 2026-08 detail_hutang            5 baris -> dash_detail_hutang
  cb4 2026-08 detail_retur_penjualan   1 baris -> dash_detail_retur_penjualan
  cb5 2026-08 rekap_dashboard          10 baris -> dash_rekap_dashboard
  cb5 2026-08 penerimaan_per_user      13 baris -> dash_penerimaan_per_user
  cb5 2026-08 detail_penjualan         3086 baris -> dash_detail_penjualan
  cb5 2026-08 detail_piutang           29 baris -> dash_detail_piutang
  cb5 2026-08 detail_hutang            14 baris -> dash_detail_hutang
  cb5 2026-08 detail_retur_penjualan   7 baris -> dash_detail_retur_penjualan
  cb7 2026-08 rekap_dashboard          10 baris -> dash_rekap_dashboard
  cb7 2026-08 penerimaan_per_user      13 baris -> dash_penerimaan_per_user
  cb7 2026-08 detail_penjualan         2074 baris -> dash_detail_penjualan
  cb7 2026-08 detail_piutang           12 baris -> dash_detail_piutang
  cb7 2026-08 detail_hutang            8 baris -> dash_detail_hutang
  cb7 2026-08 detail_retur_penjualan   4 baris -> dash_detail_retur_penjualan

=======================================================
COMPLETE - total baris per tabel:
  dash_rekap_dashboard                    306
  dash_penerimaan_per_user                420
  dash_detail_penjualan               142,021
  dash_detail_piutang                   2,989
  dash_detail_hutang                      568
  dash_detail_deposit_pelanggan            12
  dash_detail_retur_penjualan             196
=======================================================
