[2026-08-13 10:21:07] == FINISH APRIL MULAI ==
[2026-08-13 10:21:08] SP refresh lama sudah selesai.
[2026-08-13 10:21:08] REFRESH SP: /usr/bin/python3 run_migration_feb_apr.py --bulan 2026-04 --cabang-ids 1,2,4,5 --apply --skip-migrate --skip-normalize --skip-lp-mirror --skip-reconcile
RUN MIGRASI FEBRUARI-APRIL 2026
Mode   : APPLY
Cabang : 1,2,4,5
Bulan  : 2026-04
Log    : /home/csb-integrator/logs/run_migration_feb_apr_20260813_102108.log

####################################################################################################
[1/1] BULAN 2026-04 (2026-04-01..2026-04-30)
####################################################################################################

====================================================================================================
REFRESH SP SUMMARY 2026-04 cabang=[1, 2, 4, 5] mode=APPLY
====================================================================================================
- cabang 1 SB: harian
- cabang 1 SB: target
- cabang 2 CSB: harian
- cabang 2 CSB: target
- cabang 4 MDR: harian
- cabang 4 MDR: target
- cabang 5 KRT: harian
- cabang 5 KRT: target
- snapshot bulanan/top/akun
Refresh SP: OK

====================================================================================================
SELESAI: semua bulan yang dipilih selesai tanpa rc error.
====================================================================================================
[2026-08-13 10:39:54] REFRESH SP rc=0
[2026-08-13 10:39:54] REKON: /usr/bin/python3 reconcile_brighter_clarify.py --tanggal-awal 2026-04-01 --tanggal-akhir 2026-04-30 --cabang-ids 1,2,4,5 --show-components
==============================================================================================================
REKONSILIASI BRIGHTER VS CLARIFY 2026-04-01..2026-04-30 cabang=[1, 2, 4, 5]
Log: /home/csb-integrator/logs/reconcile_2026-04-01_2026-04-30_20260813_103954.log
==============================================================================================================
[1/4] cb1  2026-04 ref=  1,452,575,236 api_user=  1,462,733,234 system=  1,452,575,236 d_sys=            +0 miss(pos/ret/piu)=0/0/0 [DIFF]
     pos=1,127,246,800 pel_piut=506,052,500 kas_masuk=21,818,000 deposit=101,950,000 retur=9,470,000 kas_keluar=45,300,998 hut_sup=249,721,066
     - dash_penerimaan_per_user tidak sama dengan brighter_penerimaan_rekap
[2/4] cb2  2026-04 ref=  2,023,884,399 api_user=  2,310,827,699 system=  2,020,239,399 d_sys=    -3,645,000 miss(pos/ret/piu)=2/0/0 [DIFF]
     pos=2,450,635,200 pel_piut=1,074,443,100 kas_masuk=15,930,000 deposit=0 retur=0 kas_keluar=815,516,000 hut_sup=705,252,901
     - dash_penerimaan_per_user tidak sama dengan brighter_penerimaan_rekap
     - Clarify cash-in belum sama dengan rekap Brighter
     - 2 faktur POS belum landing ke pos_transactions
[3/4] cb4  2026-04 ref= -1,613,062,055 api_user= -1,610,179,055 system= -1,613,062,055 d_sys=            +0 miss(pos/ret/piu)=0/0/0 [DIFF]
     pos=1,406,680,850 pel_piut=364,869,250 kas_masuk=84,492,000 deposit=0 retur=6,393,000 kas_keluar=1,205,610,500 hut_sup=2,257,100,655
     - dash_penerimaan_per_user tidak sama dengan brighter_penerimaan_rekap
[4/4] cb5  2026-04 ref= -1,395,455,220 api_user= -1,380,757,220 system= -1,395,455,220 d_sys=            +0 miss(pos/ret/piu)=0/0/0 [DIFF]
     pos=3,628,324,040 pel_piut=387,440,950 kas_masuk=12,362,500 deposit=0 retur=27,685,000 kas_keluar=833,789,000 hut_sup=4,562,108,710
     - dash_penerimaan_per_user tidak sama dengan brighter_penerimaan_rekap

==============================================================================================================
SELESAI: 4 cabang/bulan perlu perhatian.
[2026-08-13 10:39:54] REKON rc=1
[2026-08-13 10:39:54] == FINISH APRIL SELESAI refresh_rc=0 rekon_rc=1 ==
