================================================================================
NORMALIZE CLARIFY MIGRATION
Mode   : APPLY
Cabang : 1,2,4,5
Range  : 2026-02-01..2026-02-28
Log    : D:\CSB Project\csb-integrator\logs\normalize_20260813_053355.log
================================================================================

[05:33:55] [1/6 Normalize POS payment/rekening/EDC]
  $ D:\laragon\bin\php\php-8.3.26-Win32-vs16-x64\php.exe artisan pos:normalize-transactions
Menormalisasi 153 transaksi migrasi...
   0/153 [>---------------------------]   0%
   7/153 [=>--------------------------]   4%
  16/153 [==>-------------------------]  10%
  31/153 [=====>----------------------]  20%
  46/153 [========>-------------------]  30%
  62/153 [===========>----------------]  40%
  77/153 [==============>-------------]  50%
  92/153 [================>-----------]  60%
 108/153 [===================>--------]  70%
 123/153 [======================>-----]  80%
 138/153 [=========================>--]  90%
 153/153 [============================] 100%
Dinormalisasi: 153 transaksi (2 diubah payment_method).
Idempotent: proses ulang hanya akan menyentuh data yang belum sesuai (pakai --force untuk memaksa).
  status: OK rc=0

[05:34:08] [2/6 Reckon POS header kasir/customer]
  $ D:\laragon\bin\php\php-8.3.26-Win32-vs16-x64\php.exe artisan pos:reckon-headers
Memulai reckon 141232 data...
Reckon selesai!
  status: OK rc=0

[07:53:33] [3/6 Normalize/Landing Retur Penjualan]
  $ C:\Users\alfat\AppData\Local\Programs\Python\Python314\python.exe migrate_retur_to_app.py --yes
  [detail] 90 baris detail dilewati (tidak ada pos_transaction/items).
============================================================
Rencana migrasi retur penjualan -> csb_db.retur_penjualan
  Header : 191 retur
  Total  : 258,963,000
  Customer: 33
  Detail : 137 baris (dari pos_transaction_items yang cocok)
============================================================
  Header baru: 0, Header sudah ada: 191

Selesai. Header baru: 0, Detail ditambahkan: 137
  status: OK rc=0

[07:53:49] [4/6 Normalize Piutang Legacy]
  $ D:\laragon\bin\php\php-8.3.26-Win32-vs16-x64\php.exe artisan migrate:legacy-piutang
Menyiapkan migrasi: 5086 faktur, 5085 pos_transactions sudah ada.
    0/5086 [>---------------------------]   0%
  500/5086 [==>-------------------------]   9%
 1000/5086 [=====>----------------------]  19%
 1500/5086 [========>-------------------]  29%
 2000/5086 [===========>----------------]  39%
 2500/5086 [=============>--------------]  49%
 3000/5086 [================>-----------]  58%
 3500/5086 [===================>--------]  68%
 4000/5086 [======================>-----]  78%
 4500/5086 [========================>---]  88%
 5000/5086 [===========================>]  98%
 5086/5086 [============================] 100%

=== Ringkasan migrasi piutang ===
Faktur diproses          : 5,085
pos_transactions dibuat  : 0
pos_transactions diubah  : 5,085
piutang di-upsert        : 5,085
ledger invoice dibuat    : 0
Skip duplikat faktur     : 0
Skip total mendekati 0   : 1
Tanpa customer terdaftar : 18
Pelunasan piutang & kas bank belum dimigrasi: sumber legacy (brighter_transaksi_pelunasan_piutang) tidak memiliki tautan ke faktur dan belum ada detail per-faktur.
  status: OK rc=0

[08:18:52] [5/6 Normalize Pelunasan Piutang Legacy]
  $ D:\laragon\bin\php\php-8.3.26-Win32-vs16-x64\php.exe artisan backfill:piutang-pelunasan
Tidak ada piutang paid yang belum punya dokumen pelunasan.
  status: OK rc=0

[08:18:53] [6/6 Normalize timestamp KasBank legacy]
  $ C:\Users\alfat\AppData\Local\Programs\Python\Python314\python.exe backfill_kasbank_timestamp.py --apply
====================================================================================================
BACKFILL TIMESTAMP KAS_BANK | mode=APPLY (commit)
  kas_bank migrated : 3096
  sudah terisi      : 3096
  pakai mirror      : 0
  perlu fetch API   : 0
====================================================================================================
----------------------------------------------------------------------------------------------------
PLAN: 0 baris akan di-update; 0 tanpa timestamp (skip); username unmapped: -
APPLY selesai — 0 baris di-update, commit OK.
  status: OK rc=0

================================================================================
NORMALIZE SELESAI OK
