================================================================================
NORMALIZE CLARIFY MIGRATION
Mode   : APPLY
Cabang : 1,2,4,5
Range  : 2026-04-01..2026-04-30
Log    : /home/csb-integrator/logs/normalize_20260813_094338.log
================================================================================

[09:43:38] [1/6 Normalize POS payment/rekening/EDC]
  $ /home/csb-integrator/bin/php-csb.sh artisan pos:normalize-transactions
Menormalisasi 21 transaksi migrasi...
  0/21 [░░░░░░░░░░░░░░░░░░░░░░░░░░░░]   0%
  3/21 [▓▓▓▓░░░░░░░░░░░░░░░░░░░░░░░░]  14%
  9/21 [▓▓▓▓▓▓▓▓▓▓▓▓░░░░░░░░░░░░░░░░]  42%
 19/21 [▓▓▓▓▓▓▓▓▓▓▓▓▓▓▓▓▓▓▓▓▓▓▓▓▓░░░]  90%
 21/21 [▓▓▓▓▓▓▓▓▓▓▓▓▓▓▓▓▓▓▓▓▓▓▓▓▓▓▓▓] 100%
Dinormalisasi: 21 transaksi (0 diubah payment_method).
Idempotent: proses ulang hanya akan menyentuh data yang belum sesuai (pakai --force untuk memaksa).
  status: OK rc=0

[09:43:42] [2/6 Reckon POS header kasir/customer]
  $ /home/csb-integrator/bin/php-csb.sh artisan pos:reckon-headers
Memulai reckon 141232 data...

   Illuminate\Database\QueryException 

  SQLSTATE[HY000]: General error: 1205 Lock wait timeout exceeded; try restarting transaction (Connection: mysql, Host: 31.97.67.49, Port: 3306, Database: csb_db, SQL: update `pos_transactions` set `customer_kode` = 000001, `customer_nama` = PELANGGAN UMUM where `invoice_number` = CSB/IN/2605-0794)

  at vendor/laravel/framework/src/Illuminate/Database/Connection.php:838
    834▕             $exceptionType = $this->isUniqueConstraintError($e)
    835▕                 ? UniqueConstraintViolationException::class
    836▕                 : QueryException::class;
    837▕ 
  ➜ 838▕             throw new $exceptionType(
    839▕                 $this->getNameWithReadWriteType(),
    840▕                 $query,
    841▕                 $this->prepareBindings($bindings),
    842▕                 $e,

      [2m+7 vendor frames [22m

  8   app/Console/Commands/ReckonPosHeaders.php:72
      Illuminate\Database\Query\Builder::update(Object(Illuminate\Support\Collection))
      [2m+2 vendor frames [22m

  11  app/Console/Commands/ReckonPosHeaders.php:43
      Illuminate\Database\Query\Builder::chunkById(Object(Closure))

  status: FAIL rc=1

[09:45:28] [3/6 Normalize/Landing Retur Penjualan]
  $ /usr/bin/python3 migrate_retur_to_app.py --yes
  [detail] 90 baris detail dilewati (tidak ada pos_transaction/items).
============================================================
Rencana migrasi retur penjualan -> csb_db.retur_penjualan
  Header : 191 retur
  Total  : 258,963,000
  Customer: 33
  Detail : 137 baris (dari pos_transaction_items yang cocok)
============================================================
  Header baru: 0, Header sudah ada: 191

Selesai. Header baru: 0, Detail ditambahkan: 137
  status: OK rc=0

[09:45:33] [4/6 Normalize Piutang Legacy]
  $ /home/csb-integrator/bin/php-csb.sh artisan migrate:legacy-piutang
Menyiapkan migrasi: 5106 faktur, 5105 pos_transactions sudah ada.
    0/5106 [░░░░░░░░░░░░░░░░░░░░░░░░░░░░]   0%
  500/5106 [▓▓░░░░░░░░░░░░░░░░░░░░░░░░░░]   9%
 1000/5106 [▓▓▓▓▓░░░░░░░░░░░░░░░░░░░░░░░]  19%
 1500/5106 [▓▓▓▓▓▓▓▓░░░░░░░░░░░░░░░░░░░░]  29%
 2000/5106 [▓▓▓▓▓▓▓▓▓▓░░░░░░░░░░░░░░░░░░]  39%
 2500/5106 [▓▓▓▓▓▓▓▓▓▓▓▓▓░░░░░░░░░░░░░░░]  48%
 3000/5106 [▓▓▓▓▓▓▓▓▓▓▓▓▓▓▓▓░░░░░░░░░░░░]  58%
 3500/5106 [▓▓▓▓▓▓▓▓▓▓▓▓▓▓▓▓▓▓▓░░░░░░░░░]  68%
 4000/5106 [▓▓▓▓▓▓▓▓▓▓▓▓▓▓▓▓▓▓▓▓▓░░░░░░░]  78%
 4500/5106 [▓▓▓▓▓▓▓▓▓▓▓▓▓▓▓▓▓▓▓▓▓▓▓▓░░░░]  88%
 5000/5106 [▓▓▓▓▓▓▓▓▓▓▓▓▓▓▓▓▓▓▓▓▓▓▓▓▓▓▓░]  97%
 5106/5106 [▓▓▓▓▓▓▓▓▓▓▓▓▓▓▓▓▓▓▓▓▓▓▓▓▓▓▓▓] 100%

=== Ringkasan migrasi piutang ===
Faktur diproses          : 5,105
pos_transactions dibuat  : 0
pos_transactions diubah  : 5,105
piutang di-upsert        : 5,105
ledger invoice dibuat    : 0
Skip duplikat faktur     : 0
Skip total mendekati 0   : 1
Tanpa customer terdaftar : 20
Pelunasan piutang & kas bank belum dimigrasi: sumber legacy (brighter_transaksi_pelunasan_piutang) tidak memiliki tautan ke faktur dan belum ada detail per-faktur.
  status: OK rc=0

[09:46:26] [5/6 Normalize Pelunasan Piutang Legacy]
  $ /home/csb-integrator/bin/php-csb.sh artisan backfill:piutang-pelunasan
Tidak ada piutang paid yang belum punya dokumen pelunasan.
  status: OK rc=0

[09:46:26] [6/6 Normalize timestamp KasBank legacy]
  $ /usr/bin/python3 backfill_kasbank_timestamp.py --apply
====================================================================================================
BACKFILL TIMESTAMP KAS_BANK | mode=APPLY (commit)
  kas_bank migrated : 3096
  sudah terisi      : 3096
  pakai mirror      : 0
  perlu fetch API   : 0
====================================================================================================
----------------------------------------------------------------------------------------------------
PLAN: 0 baris akan di-update; 0 tanpa timestamp (skip); username unmapped: -
APPLY selesai — 0 baris di-update, commit OK.
  status: OK rc=0

================================================================================
NORMALIZE SELESAI DENGAN PERINGATAN
  reckon pos headers: rc=1
