==============================================================================================================
REKONSILIASI BRIGHTER VS CLARIFY 2026-01-01..2026-04-30 cabang=[1, 2, 4, 5, 7]
Log: /home/csb-integrator/logs/reconcile_2026-01-01_2026-04-30_20260813_114926.log
==============================================================================================================
[1/16] cb1  2026-01 ref=  2,515,702,751 api_user=  2,515,702,751 system=  2,515,702,751 d_sys=            +0 miss(pos/ret/piu)=0/0/0 [OK]
     pos=1,239,273,151 pel_piut=1,385,974,100 kas_masuk=80,863,000 deposit=0 retur=14,429,500 kas_keluar=155,518,000 hut_sup=20,460,000
[2/16] cb2  2026-01 ref=  2,950,377,850 api_user=  2,950,377,850 system=  2,950,377,850 d_sys=            +0 miss(pos/ret/piu)=0/0/0 [OK]
     pos=3,153,660,250 pel_piut=924,347,600 kas_masuk=0 deposit=0 retur=4,495,000 kas_keluar=250,000 hut_sup=1,122,885,000
[3/16] cb4  2026-01 ref=    528,617,305 api_user=    528,617,305 system=    528,617,305 d_sys=            +0 miss(pos/ret/piu)=0/0/0 [OK]
     pos=1,745,657,200 pel_piut=161,307,000 kas_masuk=0 deposit=0 retur=16,349,000 kas_keluar=1,000,000 hut_sup=1,360,997,895
[4/16] cb5  2026-01 ref=  3,401,158,259 api_user=  3,401,158,259 system=  3,401,158,259 d_sys=            +0 miss(pos/ret/piu)=0/0/0 [OK]
     pos=3,820,778,350 pel_piut=635,254,300 kas_masuk=0 deposit=0 retur=543,000 kas_keluar=60,312,500 hut_sup=994,018,891
[5/16] cb1  2026-02 ref=  2,455,401,661 api_user=  2,455,401,661 system=  2,455,401,661 d_sys=            +0 miss(pos/ret/piu)=0/0/0 [OK]
     pos=1,240,584,849 pel_piut=1,587,060,300 kas_masuk=158,843,000 deposit=0 retur=2,430,000 kas_keluar=389,985,000 hut_sup=138,671,488
[6/16] cb2  2026-02 ref=  3,430,701,408 api_user=  3,430,701,408 system=  3,430,701,408 d_sys=            -0 miss(pos/ret/piu)=0/0/0 [OK]
     pos=2,701,484,650 pel_piut=1,964,942,225 kas_masuk=0 deposit=0 retur=2,395,000 kas_keluar=0 hut_sup=1,233,330,467
[7/16] cb4  2026-02 ref=    395,447,098 api_user=    395,447,098 system=    395,447,098 d_sys=            +0 miss(pos/ret/piu)=0/0/0 [OK]
     pos=1,584,334,900 pel_piut=274,893,050 kas_masuk=0 deposit=0 retur=16,000 kas_keluar=34,650,000 hut_sup=1,429,114,852
[8/16] cb5  2026-02 ref=  1,404,706,272 api_user=  1,404,706,272 system=  1,404,706,272 d_sys=            +0 miss(pos/ret/piu)=0/0/0 [OK]
     pos=3,764,215,600 pel_piut=606,541,740 kas_masuk=0 deposit=0 retur=15,673,500 kas_keluar=10,000,000 hut_sup=2,940,377,568
[9/16] cb1  2026-03 ref=  1,637,451,597 api_user=  1,637,451,597 system=  1,637,451,597 d_sys=            +0 miss(pos/ret/piu)=0/0/0 [OK]
     pos=1,184,301,300 pel_piut=636,618,180 kas_masuk=31,650,000 deposit=27,000,000 retur=3,320,000 kas_keluar=71,340,000 hut_sup=167,457,883
[10/16] cb2  2026-03 ref=  1,843,214,531 api_user=  1,843,214,531 system=  1,843,214,531 d_sys=            +0 miss(pos/ret/piu)=0/0/0 [OK]
     pos=2,214,724,900 pel_piut=1,569,180,250 kas_masuk=0 deposit=0 retur=0 kas_keluar=1,000,000 hut_sup=1,939,690,619
[11/16] cb4  2026-03 ref= -1,416,036,132 api_user= -1,416,036,132 system= -1,416,036,132 d_sys=            +0 miss(pos/ret/piu)=0/0/0 [OK]
     pos=1,414,548,799 pel_piut=462,971,400 kas_masuk=2,870,000 deposit=0 retur=0 kas_keluar=242,325,000 hut_sup=3,054,101,331
[12/16] cb5  2026-03 ref=    210,304,913 api_user=    210,304,913 system=    210,304,913 d_sys=            +0 miss(pos/ret/piu)=0/0/0 [OK]
     pos=3,744,464,120 pel_piut=141,903,000 kas_masuk=0 deposit=5,000,000 retur=11,805,000 kas_keluar=11,000,000 hut_sup=3,658,257,207
[13/16] cb1  2026-04 ref=  1,452,575,236 api_user=  1,452,575,236 system=  1,452,575,236 d_sys=            +0 miss(pos/ret/piu)=0/0/0 [OK]
     pos=1,127,246,800 pel_piut=506,052,500 kas_masuk=21,818,000 deposit=101,950,000 retur=9,470,000 kas_keluar=45,300,998 hut_sup=249,721,066
[14/16] cb2  2026-04 ref=  2,023,884,399 api_user=  2,023,884,399 system=  2,023,884,399 d_sys=            +0 miss(pos/ret/piu)=0/0/0 [OK]
     pos=2,454,280,200 pel_piut=1,074,443,100 kas_masuk=15,930,000 deposit=0 retur=0 kas_keluar=815,516,000 hut_sup=705,252,901
[15/16] cb4  2026-04 ref= -1,613,062,055 api_user= -1,613,062,055 system= -1,613,062,055 d_sys=            +0 miss(pos/ret/piu)=0/0/0 [OK]
     pos=1,406,680,850 pel_piut=364,869,250 kas_masuk=84,492,000 deposit=0 retur=6,393,000 kas_keluar=1,205,610,500 hut_sup=2,257,100,655
[16/16] cb5  2026-04 ref= -1,395,455,220 api_user= -1,395,455,220 system= -1,395,455,220 d_sys=            +0 miss(pos/ret/piu)=0/0/0 [OK]
     pos=3,628,324,040 pel_piut=387,440,950 kas_masuk=12,362,500 deposit=0 retur=27,685,000 kas_keluar=833,789,000 hut_sup=4,562,108,710

==============================================================================================================
SELESAI: semua cocok dalam tolerance.
