==============================================================================================================
REKONSILIASI BRIGHTER VS CLARIFY 2026-01-01..2026-06-30 cabang=[1, 2, 3, 4, 5, 6, 7, 8, 9, 10]
Log: /Users/alfathinhidayatulloh/Developer/Projects/csb-integrator/logs/reconcile_2026-01-01_2026-06-30_20260813_230722.log
==============================================================================================================
[1/56] cb1  2026-01 ref=  2,515,702,751 api_user=  2,515,702,751 system=  2,515,702,751 d_sys=            +0 miss(pos/ret/piu)=0/0/0 [OK]
[2/56] cb2  2026-01 ref=  2,950,377,850 api_user=  2,950,377,850 system=  2,950,377,850 d_sys=            +0 miss(pos/ret/piu)=0/0/0 [OK]
[3/56] cb3  2026-01 ref=              0 api_user=              0 system=              0 d_sys=            +0 miss(pos/ret/piu)=0/0/0 [OK]
[4/56] cb4  2026-01 ref=    528,617,305 api_user=    528,617,305 system=    528,617,305 d_sys=            +0 miss(pos/ret/piu)=0/0/0 [OK]
[5/56] cb5  2026-01 ref=  3,401,158,259 api_user=  3,401,158,259 system=  3,401,158,259 d_sys=            +0 miss(pos/ret/piu)=0/0/0 [OK]
[6/56] cb6  2026-01 ref=              0 api_user=              0 system=              0 d_sys=            +0 miss(pos/ret/piu)=0/0/0 [OK]
[7/56] cb8  2026-01 ref=              0 api_user=              0 system=              0 d_sys=            +0 miss(pos/ret/piu)=0/0/0 [OK]
[8/56] cb9  2026-01 ref=              0 api_user=              0 system=              0 d_sys=            +0 miss(pos/ret/piu)=0/0/0 [OK]
[9/56] cb10 2026-01 ref=              0 api_user=              0 system=              0 d_sys=            +0 miss(pos/ret/piu)=0/0/0 [OK]
[10/56] cb1  2026-02 ref=  2,455,401,661 api_user=  2,455,401,661 system=  2,455,401,661 d_sys=            +0 miss(pos/ret/piu)=0/0/0 [OK]
[11/56] cb2  2026-02 ref=  3,430,701,408 api_user=  3,430,701,408 system=  3,430,701,408 d_sys=            -0 miss(pos/ret/piu)=0/0/0 [OK]
[12/56] cb3  2026-02 ref=              0 api_user=              0 system=              0 d_sys=            +0 miss(pos/ret/piu)=0/0/0 [OK]
[13/56] cb4  2026-02 ref=    395,447,098 api_user=    395,447,098 system=    395,447,098 d_sys=            +0 miss(pos/ret/piu)=0/0/0 [OK]
[14/56] cb5  2026-02 ref=  1,404,706,272 api_user=  1,404,706,272 system=  1,404,706,272 d_sys=            +0 miss(pos/ret/piu)=0/0/0 [OK]
[15/56] cb6  2026-02 ref=              0 api_user=              0 system=              0 d_sys=            +0 miss(pos/ret/piu)=0/0/0 [OK]
[16/56] cb8  2026-02 ref=              0 api_user=              0 system=              0 d_sys=            +0 miss(pos/ret/piu)=0/0/0 [OK]
[17/56] cb9  2026-02 ref=              0 api_user=              0 system=              0 d_sys=            +0 miss(pos/ret/piu)=0/0/0 [OK]
[18/56] cb10 2026-02 ref=              0 api_user=              0 system=              0 d_sys=            +0 miss(pos/ret/piu)=0/0/0 [OK]
[19/56] cb1  2026-03 ref=  1,637,451,597 api_user=  1,637,451,597 system=  1,637,451,597 d_sys=            +0 miss(pos/ret/piu)=0/0/0 [OK]
[20/56] cb2  2026-03 ref=  1,843,214,531 api_user=  1,843,214,531 system=  1,843,214,531 d_sys=            +0 miss(pos/ret/piu)=0/0/0 [OK]
[21/56] cb3  2026-03 ref=              0 api_user=              0 system=              0 d_sys=            +0 miss(pos/ret/piu)=0/0/0 [OK]
[22/56] cb4  2026-03 ref= -1,416,036,132 api_user= -1,416,036,132 system= -1,416,036,132 d_sys=            +0 miss(pos/ret/piu)=0/0/0 [OK]
[23/56] cb5  2026-03 ref=    210,304,913 api_user=    210,304,913 system=    210,304,913 d_sys=            +0 miss(pos/ret/piu)=0/0/0 [OK]
[24/56] cb6  2026-03 ref=              0 api_user=              0 system=              0 d_sys=            +0 miss(pos/ret/piu)=0/0/0 [OK]
[25/56] cb8  2026-03 ref=              0 api_user=              0 system=              0 d_sys=            +0 miss(pos/ret/piu)=0/0/0 [OK]
[26/56] cb9  2026-03 ref=              0 api_user=              0 system=              0 d_sys=            +0 miss(pos/ret/piu)=0/0/0 [OK]
[27/56] cb10 2026-03 ref=              0 api_user=              0 system=              0 d_sys=            +0 miss(pos/ret/piu)=0/0/0 [OK]
[28/56] cb1  2026-04 ref=  1,452,575,236 api_user=  1,452,575,236 system=  1,452,575,236 d_sys=            +0 miss(pos/ret/piu)=0/0/0 [OK]
[29/56] cb2  2026-04 ref=  2,023,884,399 api_user=  2,023,884,399 system=  2,023,884,399 d_sys=            +0 miss(pos/ret/piu)=0/0/0 [OK]
[30/56] cb3  2026-04 ref=              0 api_user=              0 system=              0 d_sys=            +0 miss(pos/ret/piu)=0/0/0 [OK]
[31/56] cb4  2026-04 ref= -1,613,062,055 api_user= -1,613,062,055 system= -1,613,062,055 d_sys=            +0 miss(pos/ret/piu)=0/0/0 [OK]
[32/56] cb5  2026-04 ref= -1,395,455,220 api_user= -1,395,455,220 system= -1,395,455,220 d_sys=            +0 miss(pos/ret/piu)=0/0/0 [OK]
[33/56] cb6  2026-04 ref=              0 api_user=              0 system=              0 d_sys=            +0 miss(pos/ret/piu)=0/0/0 [OK]
[34/56] cb8  2026-04 ref=              0 api_user=              0 system=              0 d_sys=            +0 miss(pos/ret/piu)=0/0/0 [OK]
[35/56] cb9  2026-04 ref=              0 api_user=              0 system=              0 d_sys=            +0 miss(pos/ret/piu)=0/0/0 [OK]
[36/56] cb10 2026-04 ref=              0 api_user=              0 system=              0 d_sys=            +0 miss(pos/ret/piu)=0/0/0 [OK]
[37/56] cb1  2026-05 ref=  1,765,700,840 api_user=  1,765,700,840 system=  1,765,700,840 d_sys=            +0 miss(pos/ret/piu)=0/0/0 [OK]
[38/56] cb2  2026-05 ref=    641,247,155 api_user=    641,247,155 system=    641,247,155 d_sys=            +0 miss(pos/ret/piu)=0/0/0 [OK]
[39/56] cb3  2026-05 ref=              0 api_user=              0 system=              0 d_sys=            +0 miss(pos/ret/piu)=0/0/0 [OK]
[40/56] cb4  2026-05 ref= -2,260,745,967 api_user= -2,260,745,967 system= -2,260,745,967 d_sys=            +0 miss(pos/ret/piu)=0/0/0 [OK]
[41/56] cb5  2026-05 ref= -1,227,346,808 api_user= -1,227,346,808 system= -1,227,346,808 d_sys=            +0 miss(pos/ret/piu)=0/0/0 [OK]
[42/56] cb6  2026-05 ref=              0 api_user=              0 system=              0 d_sys=            +0 miss(pos/ret/piu)=0/0/0 [OK]
[43/56] cb7  2026-05 ref=   -643,004,130 api_user=   -643,004,130 system=   -643,004,130 d_sys=            +0 miss(pos/ret/piu)=0/0/0 [OK]
[44/56] cb8  2026-05 ref=              0 api_user=              0 system=              0 d_sys=            +0 miss(pos/ret/piu)=0/0/0 [OK]
[45/56] cb9  2026-05 ref=              0 api_user=              0 system=              0 d_sys=            +0 miss(pos/ret/piu)=0/0/0 [OK]
[46/56] cb10 2026-05 ref=              0 api_user=              0 system=              0 d_sys=            +0 miss(pos/ret/piu)=0/0/0 [OK]
[47/56] cb1  2026-06 ref=  1,923,917,934 api_user=  1,923,917,934 system=  1,923,917,934 d_sys=            +0 miss(pos/ret/piu)=0/0/0 [OK]
[48/56] cb2  2026-06 ref=  1,076,321,377 api_user=  1,076,321,377 system=  1,076,321,377 d_sys=            +0 miss(pos/ret/piu)=0/0/0 [OK]
[49/56] cb3  2026-06 ref=              0 api_user=              0 system=              0 d_sys=            +0 miss(pos/ret/piu)=0/0/0 [OK]
[50/56] cb4  2026-06 ref=    392,613,477 api_user=    392,613,477 system=    392,613,477 d_sys=            +0 miss(pos/ret/piu)=0/0/0 [OK]
[51/56] cb5  2026-06 ref= -4,463,805,260 api_user= -4,463,805,260 system= -4,463,805,260 d_sys=            +0 miss(pos/ret/piu)=0/0/0 [OK]
[52/56] cb6  2026-06 ref=              0 api_user=              0 system=              0 d_sys=            +0 miss(pos/ret/piu)=0/0/0 [OK]
[53/56] cb7  2026-06 ref= -1,653,314,408 api_user= -1,653,314,408 system= -1,653,314,408 d_sys=            +0 miss(pos/ret/piu)=0/0/0 [OK]
[54/56] cb8  2026-06 ref=              0 api_user=              0 system=              0 d_sys=            +0 miss(pos/ret/piu)=0/0/0 [OK]
[55/56] cb9  2026-06 ref=              0 api_user=              0 system=              0 d_sys=            +0 miss(pos/ret/piu)=0/0/0 [OK]
[56/56] cb10 2026-06 ref=              0 api_user=              0 system=              0 d_sys=            +0 miss(pos/ret/piu)=0/0/0 [OK]

==============================================================================================================
SELESAI: semua cocok dalam tolerance.
