==============================================================================================================
REKONSILIASI BRIGHTER VS CLARIFY 2026-04-01..2026-04-30 cabang=[1, 2, 4, 5]
Log: /home/csb-integrator/logs/reconcile_2026-04-01_2026-04-30_20260813_100349.log
==============================================================================================================
[1/4] cb1  2026-04 ref=  1,452,575,236 api_user=  1,462,733,234 system=  1,083,958,736 d_sys=  -368,616,500 miss(pos/ret/piu)=0/0/67 [DIFF]
     pos=1,127,246,800 pel_piut=137,436,000 kas_masuk=21,818,000 deposit=101,950,000 retur=9,470,000 kas_keluar=45,300,998 hut_sup=249,721,066
     - dash_penerimaan_per_user tidak sama dengan brighter_penerimaan_rekap
     - Clarify cash-in belum sama dengan rekap Brighter
     - 67 pelunasan piutang belum landing ke piutang_pelunasan
[2/4] cb2  2026-04 ref=  2,023,884,399 api_user=  2,310,827,699 system=    973,623,299 d_sys=-1,050,261,100 miss(pos/ret/piu)=2/0/151 [DIFF]
     pos=2,450,635,200 pel_piut=27,827,000 kas_masuk=15,930,000 deposit=0 retur=0 kas_keluar=815,516,000 hut_sup=705,252,901
     - dash_penerimaan_per_user tidak sama dengan brighter_penerimaan_rekap
     - Clarify cash-in belum sama dengan rekap Brighter
     - 2 faktur POS belum landing ke pos_transactions
     - 151 pelunasan piutang belum landing ke piutang_pelunasan
[3/4] cb4  2026-04 ref= -1,613,062,055 api_user= -1,610,179,055 system= -1,971,831,305 d_sys=  -358,769,250 miss(pos/ret/piu)=0/0/40 [DIFF]
     pos=1,406,680,850 pel_piut=6,100,000 kas_masuk=84,492,000 deposit=0 retur=6,393,000 kas_keluar=1,205,610,500 hut_sup=2,257,100,655
     - dash_penerimaan_per_user tidak sama dengan brighter_penerimaan_rekap
     - Clarify cash-in belum sama dengan rekap Brighter
     - 40 pelunasan piutang belum landing ke piutang_pelunasan
[4/4] cb5  2026-04 ref= -1,395,455,220 api_user= -1,380,757,220 system= -1,661,048,220 d_sys=  -265,593,000 miss(pos/ret/piu)=0/0/59 [DIFF]
     pos=3,628,324,040 pel_piut=121,847,950 kas_masuk=12,362,500 deposit=0 retur=27,685,000 kas_keluar=833,789,000 hut_sup=4,562,108,710
     - dash_penerimaan_per_user tidak sama dengan brighter_penerimaan_rekap
     - Clarify cash-in belum sama dengan rekap Brighter
     - 59 pelunasan piutang belum landing ke piutang_pelunasan

==============================================================================================================
SELESAI: 4 cabang/bulan perlu perhatian.
