==============================================================================================================
REKONSILIASI BRIGHTER VS CLARIFY 2026-01-01..2026-01-31 cabang=[1, 2, 4, 5, 7]
Log: D:\CSB Project\csb-integrator\logs\reconcile_2026-01-01_2026-01-31_20260813_015459.log
==============================================================================================================
[1/4] cb1  2026-01 ref=  2,515,702,751 api_user=  2,515,702,751 system=  1,188,665,151 d_sys=-1,327,037,600 miss(pos/ret/piu)=0/0/171 [DIFF]
     pos=1,215,003,151 pel_piut=83,206,500 kas_masuk=80,863,000 retur=14,429,500 kas_keluar=155,518,000 hut_sup=20,460,000
     - Clarify cash-in belum sama dengan rekap Brighter
     - 171 pelunasan piutang belum landing ke piutang_pelunasan
[2/4] cb2  2026-01 ref=  2,950,377,850 api_user=  2,950,377,850 system=  2,012,438,250 d_sys=  -937,939,600 miss(pos/ret/piu)=0/0/237 [DIFF]
     pos=3,135,984,250 pel_piut=4,084,000 kas_masuk=0 retur=4,495,000 kas_keluar=250,000 hut_sup=1,122,885,000
     - Clarify cash-in belum sama dengan rekap Brighter
     - 237 pelunasan piutang belum landing ke piutang_pelunasan
[3/4] cb4  2026-01 ref=    528,617,305 api_user=    528,617,305 system=    382,733,305 d_sys=  -145,884,000 miss(pos/ret/piu)=0/0/27 [DIFF]
     pos=1,745,657,200 pel_piut=15,423,000 kas_masuk=0 retur=16,349,000 kas_keluar=1,000,000 hut_sup=1,360,997,895
     - Clarify cash-in belum sama dengan rekap Brighter
     - 27 pelunasan piutang belum landing ke piutang_pelunasan
[4/4] cb5  2026-01 ref=  3,401,158,259 api_user=  3,401,158,259 system=  2,943,114,959 d_sys=  -458,043,300 miss(pos/ret/piu)=0/0/83 [DIFF]
     pos=3,816,778,350 pel_piut=181,211,000 kas_masuk=0 retur=543,000 kas_keluar=60,312,500 hut_sup=994,018,891
     - Clarify cash-in belum sama dengan rekap Brighter
     - 83 pelunasan piutang belum landing ke piutang_pelunasan

==============================================================================================================
SELESAI: 4 cabang/bulan perlu perhatian.
