RUN MIGRASI FEBRUARI-APRIL 2026
Mode   : APPLY
Cabang : 1,2,4,5,7
Bulan  : 2026-07
Log    : /home/csb-integrator/logs/run_migration_2026-07.log

####################################################################################################
[1/1] BULAN 2026-07 (2026-07-01..2026-07-31)
####################################################################################################

====================================================================================================
MIGRASI 2026-07
CMD: /usr/bin/python3 migrate_brighter_to_clarify.py --tanggal-awal 2026-07-01 --tanggal-akhir 2026-07-31 --cabang-ids 1,2,4,5,7 --apply
====================================================================================================
================================================================================
MIGRASI BRIGHTER -> CLARIFY
Mode    : APPLY
Range   : 2026-07-01..2026-07-31
Cabang  : [1, 2, 4, 5, 7]
Bulan   : ['2026-07']
Log     : /home/csb-integrator/logs/migrate_2026-07-01_2026-07-31_20260813_152548.log
================================================================================

[15:25:48] [1/166 2026-07 dash_* dan rekap dashboard]
  $ /usr/bin/python3 sync_dash_api.py --env --bulan 2026-07 --cabang-ids 1,2,4,5,7
Sinkron ke: csb_db
Endpoint: ['rekap_dashboard', 'penerimaan_per_user', 'detail_penjualan', 'detail_piutang', 'detail_hutang', 'detail_deposit_pelanggan', 'detail_retur_penjualan']
Rentang: 2026-07-01 .. 2026-07-31
Cabang: [1, 2, 4, 5, 7]
API OK (https://brighter-kairatu-api.koffiesoft.com)
  cb1 2026-07 rekap_dashboard          8 baris -> dash_rekap_dashboard
  cb1 2026-07 penerimaan_per_user      11 baris -> dash_penerimaan_per_user
  cb1 2026-07 detail_penjualan         3382 baris -> dash_detail_penjualan
  cb1 2026-07 detail_piutang           122 baris -> dash_detail_piutang
  cb1 2026-07 detail_hutang            3 baris -> dash_detail_hutang
  cb2 2026-07 rekap_dashboard          10 baris -> dash_rekap_dashboard
  cb2 2026-07 penerimaan_per_user      15 baris -> dash_penerimaan_per_user
  cb2 2026-07 detail_penjualan         5771 baris -> dash_detail_penjualan
  cb2 2026-07 detail_piutang           60 baris -> dash_detail_piutang
  cb2 2026-07 detail_hutang            18 baris -> dash_detail_hutang
  cb2 2026-07 detail_retur_penjualan   5 baris -> dash_detail_retur_penjualan
  cb4 2026-07 rekap_dashboard          11 baris -> dash_rekap_dashboard
  cb4 2026-07 penerimaan_per_user      14 baris -> dash_penerimaan_per_user
  cb4 2026-07 detail_penjualan         2987 baris -> dash_detail_penjualan
  cb4 2026-07 detail_piutang           42 baris -> dash_detail_piutang
  cb4 2026-07 detail_hutang            14 baris -> dash_detail_hutang
  cb4 2026-07 detail_retur_penjualan   2 baris -> dash_detail_retur_penjualan
  cb5 2026-07 rekap_dashboard          10 baris -> dash_rekap_dashboard
  cb5 2026-07 penerimaan_per_user      13 baris -> dash_penerimaan_per_user
  cb5 2026-07 detail_penjualan         7084 baris -> dash_detail_penjualan
  cb5 2026-07 detail_piutang           55 baris -> dash_detail_piutang
  cb5 2026-07 detail_hutang            71 baris -> dash_detail_hutang
  cb5 2026-07 detail_retur_penjualan   16 baris -> dash_detail_retur_penjualan
  cb7 2026-07 rekap_dashboard          11 baris -> dash_rekap_dashboard
  cb7 2026-07 penerimaan_per_user      15 baris -> dash_penerimaan_per_user
  cb7 2026-07 detail_penjualan         4540 baris -> dash_detail_penjualan
  cb7 2026-07 detail_piutang           23 baris -> dash_detail_piutang
  cb7 2026-07 detail_hutang            17 baris -> dash_detail_hutang
  cb7 2026-07 detail_deposit_pelanggan 2 baris -> dash_detail_deposit_pelanggan
  cb7 2026-07 detail_retur_penjualan   10 baris -> dash_detail_retur_penjualan

=======================================================
COMPLETE - total baris per tabel:
  dash_rekap_dashboard                     50
  dash_penerimaan_per_user                 68
  dash_detail_penjualan                23,764
  dash_detail_piutang                     302
  dash_detail_hutang                      123
  dash_detail_deposit_pelanggan             2
  dash_detail_retur_penjualan              33
=======================================================
  status: OK rc=0

[15:27:02] [2/166 2026-07 POS staging brighter_pos]
  $ /usr/bin/python3 sync_pos_rekap.py --env --tanggal-awal 2026-07-01 --tanggal-akhir 2026-07-31 --cabang-ids 1,2,4,5,7 --workers 5 --force
Rentang 2026-07-01..2026-07-31, cabang [1, 2, 4, 5, 7]
    Upsert brighter_pos: 74/74 rows
    Upsert brighter_pos_detail: 128/128 rows
  cb1 2026-07-01: 74 nota, 74 ketemu, 74 header, 128 detail, gross=75,913,500
    Upsert brighter_pos: 73/73 rows
    Upsert brighter_pos_detail: 120/120 rows
  cb1 2026-07-02: 73 nota, 73 ketemu, 73 header, 120 detail, gross=52,437,500
    Upsert brighter_pos: 72/72 rows
    Upsert brighter_pos_detail: 133/133 rows
  cb1 2026-07-03: 72 nota, 72 ketemu, 72 header, 133 detail, gross=39,451,700
    Upsert brighter_pos: 83/83 rows
    Upsert brighter_pos_detail: 159/159 rows
  cb1 2026-07-04: 83 nota, 83 ketemu, 83 header, 159 detail, gross=118,657,000
    Upsert brighter_pos: 97/97 rows
    Upsert brighter_pos_detail: 185/185 rows
  cb1 2026-07-05: 97 nota, 97 ketemu, 97 header, 185 detail, gross=85,338,400
    Upsert brighter_pos: 96/96 rows
    Upsert brighter_pos_detail: 194/194 rows
  cb1 2026-07-06: 96 nota, 96 ketemu, 96 header, 194 detail, gross=52,062,500
    Upsert brighter_pos: 82/82 rows
    Upsert brighter_pos_detail: 142/142 rows
  cb1 2026-07-07: 82 nota, 82 ketemu, 82 header, 142 detail, gross=59,212,500
    Upsert brighter_pos: 70/70 rows
    Upsert brighter_pos_detail: 138/138 rows
  cb1 2026-07-08: 70 nota, 70 ketemu, 70 header, 138 detail, gross=39,062,100
    Upsert brighter_pos: 98/98 rows
    Upsert brighter_pos_detail: 163/163 rows
  cb1 2026-07-09: 98 nota, 98 ketemu, 98 header, 163 detail, gross=58,130,500
    Upsert brighter_pos: 71/71 rows
    Upsert brighter_pos_detail: 152/152 rows
  cb1 2026-07-10: 71 nota, 71 ketemu, 71 header, 152 detail, gross=61,494,250
    Upsert brighter_pos: 68/68 rows
    Upsert brighter_pos_detail: 125/125 rows
  cb1 2026-07-11: 68 nota, 68 ketemu, 68 header, 125 detail, gross=53,873,000
    Upsert brighter_pos: 84/84 rows
    Upsert brighter_pos_detail: 157/157 rows
  cb1 2026-07-12: 84 nota, 84 ketemu, 84 header, 157 detail, gross=45,994,500
    Upsert brighter_pos: 93/93 rows
    Upsert brighter_pos_detail: 155/155 rows
  cb1 2026-07-13: 93 nota, 93 ketemu, 93 header, 155 detail, gross=40,662,600
    Upsert brighter_pos: 73/73 rows
    Upsert brighter_pos_detail: 156/156 rows
  cb1 2026-07-14: 73 nota, 73 ketemu, 73 header, 156 detail, gross=128,183,000
    Upsert brighter_pos: 108/108 rows
    Upsert brighter_pos_detail: 190/190 rows
  cb1 2026-07-15: 108 nota, 108 ketemu, 108 header, 190 detail, gross=108,387,480
    Upsert brighter_pos: 98/98 rows
    Upsert brighter_pos_detail: 172/172 rows
  cb1 2026-07-16: 98 nota, 98 ketemu, 98 header, 172 detail, gross=50,090,300
    Upsert brighter_pos: 86/86 rows
    Upsert brighter_pos_detail: 150/150 rows
  cb1 2026-07-17: 86 nota, 86 ketemu, 86 header, 150 detail, gross=59,319,500
    Upsert brighter_pos: 90/90 rows
    Upsert brighter_pos_detail: 175/175 rows
  cb1 2026-07-18: 90 nota, 90 ketemu, 90 header, 175 detail, gross=144,590,500
    Upsert brighter_pos: 84/84 rows
    Upsert brighter_pos_detail: 175/175 rows
  cb1 2026-07-19: 84 nota, 84 ketemu, 84 header, 175 detail, gross=106,250,080
    Upsert brighter_pos: 90/90 rows
    Upsert brighter_pos_detail: 173/173 rows
  cb1 2026-07-20: 90 nota, 90 ketemu, 90 header, 173 detail, gross=93,226,900
    Upsert brighter_pos: 99/99 rows
    Upsert brighter_pos_detail: 203/203 rows
  cb1 2026-07-21: 99 nota, 99 ketemu, 99 header, 203 detail, gross=79,679,000
    Upsert brighter_pos: 79/79 rows
    Upsert brighter_pos_detail: 147/147 rows
  cb1 2026-07-22: 79 nota, 79 ketemu, 79 header, 147 detail, gross=62,315,500
    Upsert brighter_pos: 81/81 rows
    Upsert brighter_pos_detail: 208/208 rows
  cb1 2026-07-23: 81 nota, 81 ketemu, 81 header, 208 detail, gross=98,751,500
    Upsert brighter_pos: 90/90 rows
    Upsert brighter_pos_detail: 187/187 rows
  cb1 2026-07-24: 90 nota, 90 ketemu, 90 header, 187 detail, gross=81,150,500
    Upsert brighter_pos: 82/82 rows
    Upsert brighter_pos_detail: 164/164 rows
  cb1 2026-07-25: 82 nota, 82 ketemu, 82 header, 164 detail, gross=73,531,000
    Upsert brighter_pos: 120/120 rows
    Upsert brighter_pos_detail: 272/272 rows
  cb1 2026-07-26: 120 nota, 120 ketemu, 120 header, 272 detail, gross=134,119,400
    Upsert brighter_pos: 303/303 rows
    Upsert brighter_pos_detail: 500/833 rows
    Upsert brighter_pos_detail: 833/833 rows
  cb1 2026-07-27: 303 nota, 303 ketemu, 303 header, 833 detail, gross=91,347,700
    Upsert brighter_pos: 210/210 rows
    Upsert brighter_pos_detail: 459/459 rows
  cb1 2026-07-28: 210 nota, 210 ketemu, 210 header, 459 detail, gross=79,263,500
    Upsert brighter_pos: 225/225 rows
    Upsert brighter_pos_detail: 469/469 rows
  cb1 2026-07-29: 225 nota, 225 ketemu, 225 header, 469 detail, gross=103,421,100
    Upsert brighter_pos: 200/200 rows
    Upsert brighter_pos_detail: 425/425 rows
  cb1 2026-07-30: 200 nota, 200 ketemu, 200 header, 425 detail, gross=115,316,000
    Upsert brighter_pos: 203/203 rows
    Upsert brighter_pos_detail: 500/500 rows
  cb1 2026-07-31: 203 nota, 203 ketemu, 203 header, 500 detail, gross=80,783,500
    Upsert brighter_pos: 178/178 rows
    Upsert brighter_pos_detail: 301/301 rows
  cb2 2026-07-01: 178 nota, 178 ketemu, 178 header, 301 detail, gross=171,654,500
    Upsert brighter_pos: 169/169 rows
    Upsert brighter_pos_detail: 265/265 rows
  cb2 2026-07-02: 169 nota, 169 ketemu, 169 header, 265 detail, gross=132,719,000
    Upsert brighter_pos: 138/138 rows
    Upsert brighter_pos_detail: 233/233 rows
  cb2 2026-07-03: 138 nota, 138 ketemu, 138 header, 233 detail, gross=84,563,500
    Upsert brighter_pos: 189/189 rows
    Upsert brighter_pos_detail: 332/332 rows
  cb2 2026-07-04: 189 nota, 189 ketemu, 189 header, 332 detail, gross=172,128,000
    Upsert brighter_pos: 204/204 rows
    Upsert brighter_pos_detail: 350/350 rows
  cb2 2026-07-05: 204 nota, 204 ketemu, 204 header, 350 detail, gross=129,629,000
    Upsert brighter_pos: 175/175 rows
    Upsert brighter_pos_detail: 292/292 rows
  cb2 2026-07-06: 175 nota, 175 ketemu, 175 header, 292 detail, gross=156,680,000
    Upsert brighter_pos: 169/169 rows
    Upsert brighter_pos_detail: 299/299 rows
  cb2 2026-07-07: 169 nota, 169 ketemu, 169 header, 299 detail, gross=142,961,000
    Upsert brighter_pos: 192/192 rows
    Upsert brighter_pos_detail: 318/318 rows
  cb2 2026-07-08: 192 nota, 192 ketemu, 192 header, 318 detail, gross=154,165,000
    Upsert brighter_pos: 201/201 rows
    Upsert brighter_pos_detail: 327/327 rows
  cb2 2026-07-09: 201 nota, 201 ketemu, 201 header, 327 detail, gross=158,610,500
    Upsert brighter_pos: 181/181 rows
    Upsert brighter_pos_detail: 336/336 rows
  cb2 2026-07-10: 181 nota, 181 ketemu, 181 header, 336 detail, gross=129,882,500
    Upsert brighter_pos: 211/211 rows
    Upsert brighter_pos_detail: 372/372 rows
  cb2 2026-07-11: 211 nota, 211 ketemu, 211 header, 372 detail, gross=160,866,500
    Upsert brighter_pos: 124/124 rows
    Upsert brighter_pos_detail: 192/192 rows
  cb2 2026-07-12: 124 nota, 124 ketemu, 124 header, 192 detail, gross=130,065,500
    Upsert brighter_pos: 153/153 rows
    Upsert brighter_pos_detail: 236/236 rows
  cb2 2026-07-13: 153 nota, 153 ketemu, 153 header, 236 detail, gross=169,497,000
    Upsert brighter_pos: 168/168 rows
    Upsert brighter_pos_detail: 294/294 rows
  cb2 2026-07-14: 168 nota, 168 ketemu, 168 header, 294 detail, gross=156,095,500
    Upsert brighter_pos: 173/173 rows
    Upsert brighter_pos_detail: 315/315 rows
  cb2 2026-07-15: 173 nota, 173 ketemu, 173 header, 315 detail, gross=180,533,500
    Upsert brighter_pos: 137/137 rows
    Upsert brighter_pos_detail: 268/268 rows
  cb2 2026-07-16: 137 nota, 137 ketemu, 137 header, 268 detail, gross=130,085,500
    Upsert brighter_pos: 156/156 rows
    Upsert brighter_pos_detail: 268/268 rows
  cb2 2026-07-17: 156 nota, 156 ketemu, 156 header, 268 detail, gross=105,444,400
    Upsert brighter_pos: 184/184 rows
    Upsert brighter_pos_detail: 355/355 rows
  cb2 2026-07-18: 184 nota, 184 ketemu, 184 header, 355 detail, gross=161,212,500
    Upsert brighter_pos: 115/115 rows
    Upsert brighter_pos_detail: 189/189 rows
  cb2 2026-07-19: 115 nota, 115 ketemu, 115 header, 189 detail, gross=128,686,200
    Upsert brighter_pos: 129/129 rows
    Upsert brighter_pos_detail: 222/222 rows
  cb2 2026-07-20: 129 nota, 129 ketemu, 129 header, 222 detail, gross=75,937,800
    Upsert brighter_pos: 132/132 rows
    Upsert brighter_pos_detail: 228/228 rows
  cb2 2026-07-21: 132 nota, 132 ketemu, 132 header, 228 detail, gross=126,142,500
    Upsert brighter_pos: 159/159 rows
    Upsert brighter_pos_detail: 284/284 rows
  cb2 2026-07-22: 159 nota, 159 ketemu, 159 header, 284 detail, gross=221,020,000
    Upsert brighter_pos: 130/130 rows
    Upsert brighter_pos_detail: 233/233 rows
  cb2 2026-07-23: 130 nota, 130 ketemu, 130 header, 233 detail, gross=78,153,500
    Upsert brighter_pos: 154/154 rows
    Upsert brighter_pos_detail: 257/257 rows
  cb2 2026-07-24: 154 nota, 154 ketemu, 154 header, 257 detail, gross=132,700,750
    Upsert brighter_pos: 193/193 rows
    Upsert brighter_pos_detail: 340/340 rows
  cb2 2026-07-25: 193 nota, 193 ketemu, 193 header, 340 detail, gross=166,178,500
    Upsert brighter_pos: 195/195 rows
    Upsert brighter_pos_detail: 411/411 rows
  cb2 2026-07-26: 195 nota, 195 ketemu, 195 header, 411 detail, gross=157,195,500
    Upsert brighter_pos: 237/237 rows
    Upsert brighter_pos_detail: 500/540 rows
    Upsert brighter_pos_detail: 540/540 rows
  cb2 2026-07-27: 237 nota, 237 ketemu, 237 header, 540 detail, gross=146,872,000
    Upsert brighter_pos: 315/315 rows
    Upsert brighter_pos_detail: 500/681 rows
    Upsert brighter_pos_detail: 681/681 rows
  cb2 2026-07-28: 315 nota, 315 ketemu, 315 header, 681 detail, gross=233,635,000
    Upsert brighter_pos: 281/281 rows
    Upsert brighter_pos_detail: 500/583 rows
    Upsert brighter_pos_detail: 583/583 rows
  cb2 2026-07-29: 281 nota, 281 ketemu, 281 header, 583 detail, gross=535,763,000
    Upsert brighter_pos: 284/284 rows
    Upsert brighter_pos_detail: 500/535 rows
    Upsert brighter_pos_detail: 535/535 rows
  cb2 2026-07-30: 284 nota, 284 ketemu, 284 header, 535 detail, gross=544,149,500
    Upsert brighter_pos: 345/345 rows
    Upsert brighter_pos_detail: 500/833 rows
    Upsert brighter_pos_detail: 833/833 rows
  cb2 2026-07-31: 345 nota, 345 ketemu, 345 header, 833 detail, gross=179,066,500
    Upsert brighter_pos: 79/79 rows
    Upsert brighter_pos_detail: 145/145 rows
  cb4 2026-07-01: 79 nota, 79 ketemu, 79 header, 145 detail, gross=143,281,000
    Upsert brighter_pos: 78/78 rows
    Upsert brighter_pos_detail: 140/140 rows
  cb4 2026-07-02: 78 nota, 78 ketemu, 78 header, 140 detail, gross=64,823,000
    Upsert brighter_pos: 50/50 rows
    Upsert brighter_pos_detail: 114/114 rows
  cb4 2026-07-03: 50 nota, 50 ketemu, 50 header, 114 detail, gross=80,700,500
    Upsert brighter_pos: 74/74 rows
    Upsert brighter_pos_detail: 136/136 rows
  cb4 2026-07-04: 74 nota, 74 ketemu, 74 header, 136 detail, gross=73,945,000
    Upsert brighter_pos: 90/90 rows
    Upsert brighter_pos_detail: 162/162 rows
  cb4 2026-07-05: 90 nota, 90 ketemu, 90 header, 162 detail, gross=165,538,700
    Upsert brighter_pos: 74/74 rows
    Upsert brighter_pos_detail: 147/147 rows
  cb4 2026-07-06: 74 nota, 74 ketemu, 74 header, 147 detail, gross=64,704,500
    Upsert brighter_pos: 67/67 rows
    Upsert brighter_pos_detail: 103/103 rows
  cb4 2026-07-07: 67 nota, 67 ketemu, 67 header, 103 detail, gross=56,838,000
    Upsert brighter_pos: 55/55 rows
    Upsert brighter_pos_detail: 97/97 rows
  cb4 2026-07-08: 55 nota, 55 ketemu, 55 header, 97 detail, gross=53,484,500
    Upsert brighter_pos: 75/75 rows
    Upsert brighter_pos_detail: 130/130 rows
  cb4 2026-07-09: 75 nota, 75 ketemu, 75 header, 130 detail, gross=52,466,400
    Upsert brighter_pos: 95/95 rows
    Upsert brighter_pos_detail: 171/171 rows
  cb4 2026-07-10: 95 nota, 95 ketemu, 95 header, 171 detail, gross=76,820,750
    Upsert brighter_pos: 77/77 rows
    Upsert brighter_pos_detail: 160/160 rows
  cb4 2026-07-11: 77 nota, 77 ketemu, 77 header, 160 detail, gross=92,677,000
    Upsert brighter_pos: 88/88 rows
    Upsert brighter_pos_detail: 162/162 rows
  cb4 2026-07-12: 88 nota, 88 ketemu, 88 header, 162 detail, gross=166,041,500
    Upsert brighter_pos: 81/81 rows
    Upsert brighter_pos_detail: 134/134 rows
  cb4 2026-07-13: 81 nota, 81 ketemu, 81 header, 134 detail, gross=96,371,000
    Upsert brighter_pos: 66/66 rows
    Upsert brighter_pos_detail: 126/126 rows
  cb4 2026-07-14: 66 nota, 66 ketemu, 66 header, 126 detail, gross=78,918,200
    Upsert brighter_pos: 71/71 rows
    Upsert brighter_pos_detail: 152/152 rows
  cb4 2026-07-15: 71 nota, 71 ketemu, 71 header, 152 detail, gross=105,571,300
    Upsert brighter_pos: 63/63 rows
    Upsert brighter_pos_detail: 111/111 rows
  cb4 2026-07-16: 63 nota, 63 ketemu, 63 header, 111 detail, gross=46,712,500
    Upsert brighter_pos: 65/65 rows
    Upsert brighter_pos_detail: 120/120 rows
  cb4 2026-07-17: 65 nota, 65 ketemu, 65 header, 120 detail, gross=105,445,000
    Upsert brighter_pos: 87/87 rows
    Upsert brighter_pos_detail: 209/209 rows
  cb4 2026-07-18: 87 nota, 87 ketemu, 87 header, 209 detail, gross=118,083,000
    Upsert brighter_pos: 72/72 rows
    Upsert brighter_pos_detail: 146/146 rows
  cb4 2026-07-19: 72 nota, 72 ketemu, 72 header, 146 detail, gross=61,927,000
    Upsert brighter_pos: 61/61 rows
    Upsert brighter_pos_detail: 101/101 rows
  cb4 2026-07-20: 61 nota, 61 ketemu, 61 header, 101 detail, gross=37,277,000
    Upsert brighter_pos: 74/74 rows
    Upsert brighter_pos_detail: 181/181 rows
  cb4 2026-07-21: 74 nota, 74 ketemu, 74 header, 181 detail, gross=117,163,000
    Upsert brighter_pos: 84/84 rows
    Upsert brighter_pos_detail: 152/152 rows
  cb4 2026-07-22: 84 nota, 84 ketemu, 84 header, 152 detail, gross=95,774,500
    Upsert brighter_pos: 65/65 rows
    Upsert brighter_pos_detail: 127/127 rows
  cb4 2026-07-23: 65 nota, 65 ketemu, 65 header, 127 detail, gross=66,209,000
    Upsert brighter_pos: 73/73 rows
    Upsert brighter_pos_detail: 163/163 rows
  cb4 2026-07-24: 73 nota, 73 ketemu, 73 header, 163 detail, gross=133,085,500
    Upsert brighter_pos: 74/74 rows
    Upsert brighter_pos_detail: 175/175 rows
  cb4 2026-07-25: 74 nota, 74 ketemu, 74 header, 175 detail, gross=64,994,900
